------------------------------------------------------------
Timing Analyzer Summary
------------------------------------------------------------

Type  : Slow 1100mV 85C Model Setup 'clk'
Slack : 16.593
TNS   : 0.000

Type  : Slow 1100mV 85C Model Setup 'u_vga_controller|ins_pll|pll_inst|altera_pll_i|general[0].gpll~PLL_OUTPUT_COUNTER|divclk'
Slack : 24.406
TNS   : 0.000

Type  : Slow 1100mV 85C Model Hold 'clk'
Slack : 0.284
TNS   : 0.000

Type  : Slow 1100mV 85C Model Hold 'u_vga_controller|ins_pll|pll_inst|altera_pll_i|general[0].gpll~PLL_OUTPUT_COUNTER|divclk'
Slack : 0.308
TNS   : 0.000

Type  : Slow 1100mV 85C Model Recovery 'clk'
Slack : 18.716
TNS   : 0.000

Type  : Slow 1100mV 85C Model Removal 'clk'
Slack : 0.463
TNS   : 0.000

Type  : Slow 1100mV 85C Model Minimum Pulse Width 'u_vga_controller|ins_pll|pll_inst|altera_pll_i|general[0].gpll~FRACTIONAL_PLL|vcoph[0]'
Slack : 0.325
TNS   : 0.000

Type  : Slow 1100mV 85C Model Minimum Pulse Width 'clk'
Slack : 8.914
TNS   : 0.000

Type  : Slow 1100mV 85C Model Minimum Pulse Width 'u_vga_controller|ins_pll|pll_inst|altera_pll_i|general[0].gpll~PLL_OUTPUT_COUNTER|divclk'
Slack : 18.652
TNS   : 0.000

Type  : Slow 1100mV 0C Model Setup 'clk'
Slack : 16.574
TNS   : 0.000

Type  : Slow 1100mV 0C Model Setup 'u_vga_controller|ins_pll|pll_inst|altera_pll_i|general[0].gpll~PLL_OUTPUT_COUNTER|divclk'
Slack : 23.965
TNS   : 0.000

Type  : Slow 1100mV 0C Model Hold 'clk'
Slack : 0.185
TNS   : 0.000

Type  : Slow 1100mV 0C Model Hold 'u_vga_controller|ins_pll|pll_inst|altera_pll_i|general[0].gpll~PLL_OUTPUT_COUNTER|divclk'
Slack : 0.286
TNS   : 0.000

Type  : Slow 1100mV 0C Model Recovery 'clk'
Slack : 18.797
TNS   : 0.000

Type  : Slow 1100mV 0C Model Removal 'clk'
Slack : 0.393
TNS   : 0.000

Type  : Slow 1100mV 0C Model Minimum Pulse Width 'u_vga_controller|ins_pll|pll_inst|altera_pll_i|general[0].gpll~FRACTIONAL_PLL|vcoph[0]'
Slack : 0.325
TNS   : 0.000

Type  : Slow 1100mV 0C Model Minimum Pulse Width 'clk'
Slack : 8.943
TNS   : 0.000

Type  : Slow 1100mV 0C Model Minimum Pulse Width 'u_vga_controller|ins_pll|pll_inst|altera_pll_i|general[0].gpll~PLL_OUTPUT_COUNTER|divclk'
Slack : 18.630
TNS   : 0.000

Type  : Fast 1100mV 85C Model Setup 'clk'
Slack : 17.374
TNS   : 0.000

Type  : Fast 1100mV 85C Model Setup 'u_vga_controller|ins_pll|pll_inst|altera_pll_i|general[0].gpll~PLL_OUTPUT_COUNTER|divclk'
Slack : 31.360
TNS   : 0.000

Type  : Fast 1100mV 85C Model Hold 'clk'
Slack : 0.169
TNS   : 0.000

Type  : Fast 1100mV 85C Model Hold 'u_vga_controller|ins_pll|pll_inst|altera_pll_i|general[0].gpll~PLL_OUTPUT_COUNTER|divclk'
Slack : 0.181
TNS   : 0.000

Type  : Fast 1100mV 85C Model Recovery 'clk'
Slack : 19.217
TNS   : 0.000

Type  : Fast 1100mV 85C Model Removal 'clk'
Slack : 0.233
TNS   : 0.000

Type  : Fast 1100mV 85C Model Minimum Pulse Width 'u_vga_controller|ins_pll|pll_inst|altera_pll_i|general[0].gpll~FRACTIONAL_PLL|vcoph[0]'
Slack : 0.325
TNS   : 0.000

Type  : Fast 1100mV 85C Model Minimum Pulse Width 'clk'
Slack : 8.500
TNS   : 0.000

Type  : Fast 1100mV 85C Model Minimum Pulse Width 'u_vga_controller|ins_pll|pll_inst|altera_pll_i|general[0].gpll~PLL_OUTPUT_COUNTER|divclk'
Slack : 18.756
TNS   : 0.000

Type  : Fast 1100mV 0C Model Setup 'clk'
Slack : 17.306
TNS   : 0.000

Type  : Fast 1100mV 0C Model Setup 'u_vga_controller|ins_pll|pll_inst|altera_pll_i|general[0].gpll~PLL_OUTPUT_COUNTER|divclk'
Slack : 31.758
TNS   : 0.000

Type  : Fast 1100mV 0C Model Hold 'clk'
Slack : 0.100
TNS   : 0.000

Type  : Fast 1100mV 0C Model Hold 'u_vga_controller|ins_pll|pll_inst|altera_pll_i|general[0].gpll~PLL_OUTPUT_COUNTER|divclk'
Slack : 0.163
TNS   : 0.000

Type  : Fast 1100mV 0C Model Recovery 'clk'
Slack : 19.293
TNS   : 0.000

Type  : Fast 1100mV 0C Model Removal 'clk'
Slack : 0.176
TNS   : 0.000

Type  : Fast 1100mV 0C Model Minimum Pulse Width 'u_vga_controller|ins_pll|pll_inst|altera_pll_i|general[0].gpll~FRACTIONAL_PLL|vcoph[0]'
Slack : 0.325
TNS   : 0.000

Type  : Fast 1100mV 0C Model Minimum Pulse Width 'clk'
Slack : 8.456
TNS   : 0.000

Type  : Fast 1100mV 0C Model Minimum Pulse Width 'u_vga_controller|ins_pll|pll_inst|altera_pll_i|general[0].gpll~PLL_OUTPUT_COUNTER|divclk'
Slack : 18.756
TNS   : 0.000

------------------------------------------------------------
